exports[`test AddFriendOption renders correctly 1`] = `
<div
  className="form-control radio">
  <label
    className="">
    <input
      checked={true}
      name="gender"
      onChange={[Function]}
      type="radio"
      value="male" />
     
    male
  </label>
  <label>
    <input
      checked={false}
      name="gender"
      onChange={[Function]}
      type="radio"
      value="female" />
     
    female
     
  </label>
</div>
`;
